exports[`test renders correctly 1`] = `
<View
  style={
    Object {
      "backgroundColor": "#e9e9e9",
      "borderBottomWidth": 0.5,
      "overflow": "hidden",
      "paddingRight": 10,
    }
  }>
  <View
    style={
      Object {
        "flexDirection": "row",
      }
    }>
    <Text
      accessible={true}
      allowFontScaling={true}
      ellipsizeMode="tail"
      style={
        Object {
          "color": "#7B1500",
          "flex": 1,
          "fontWeight": "bold",
          "padding": 10,
        }
      } />
    <View
      accessibilityComponentType={undefined}
      accessibilityLabel={undefined}
      accessibilityTraits={undefined}
      accessible={true}
      hitSlop={undefined}
      onLayout={undefined}
      onResponderGrant={[Function]}
      onResponderMove={[Function]}
      onResponderRelease={[Function]}
      onResponderTerminate={[Function]}
      onResponderTerminationRequest={[Function]}
      onStartShouldSetResponder={[Function]}
      style={
        Array [
          Object {
            "backgroundColor": "transparent",
          },
          undefined,
        ]
      }
      testID={undefined}>
      <Image
        source={1}
        style={
          Object {
            "height": 20,
            "marginTop": 10,
            "width": 20,
          }
        } />
    </View>
  </View>
</View>
`;
